// Jest Snapshot v1, https://goo.gl/fbAQLP

exports[`Home renders correctly 1`] = `
<div
  className="sc-bdfBwQ YZDHG"
  id="covid-data"
>
  <div
    className="sc-pFZIQ ewkBXg"
  >
    <h1
      style={
        Object {
          "color": "black",
        }
      }
    >
      Loading
    </h1>
  </div>
</div>
`;
