// Jest Snapshot v1, https://goo.gl/fbAQLP

exports[`Home renders correctly 1`] = `
<div
  className="sc-bdfBwQ YZDHG"
  id="covid-data"
>
  <div
    className="sc-gsTCUz PZEvw"
  >
    <h3
      id="country-name"
    >
      Worldwide
    </h3>
    <p
      id="last-updated"
    >
      Last updated: 
      0
    </p>
  </div>
  <div
    className="sc-dlfnbm dDUPNY"
  >
    <div
      className="sc-hKgILt czezLZ"
    >
      <div
        className="sc-eCssSg Fiqkz"
      >
        <select
          disabled={false}
          onChange={[Function]}
          style={
            Object {
              "width": "100%",
            }
          }
        >
          <option
            value="Worldwide"
          >
            Worldwide
          </option>
        </select>
      </div>
      <div
        className="sc-jSgupP iAlRtq"
      />
      <div
        className="sc-gKsewC iMfrMP"
      />
    </div>
    <div
      className="sc-fubCfw fvrjY"
    >
      Graph
    </div>
  </div>
</div>
`;
