// Jest Snapshot v1, https://goo.gl/fbAQLP

exports[`Home renders correctly 1`] = `
<div
  className="sc-bdfBwQ YZDHG"
  id="covid-data"
>
  <div
    className="sc-gsTCUz hwNLmc"
  >
    <h3
      id="country-name"
    >
      Congo, the Democratic Republic of the
    </h3>
    <p
      id="last-updated"
    >
      Last updated: 20th October 2020
    </p>
  </div>
  <div
    className="sc-dlfnbm dDUPNY"
  >
    <div
      className="sc-hKgILt czezLZ"
    >
      <div
        className="sc-eCssSg Fiqkz"
      >
        Search
      </div>
      <div
        className="sc-jSgupP iAlRtq"
      >
        <div
          className="sc-iBPRYJ iTga-dk data-box"
          id="infected"
        >
          <p>
            Infected
          </p>
          <h3
            id="infected-num"
          >
            40,975,608
          </h3>
          <h4>
            + 
            <span
              id="today-infected"
            >
              16,753
            </span>
          </h4>
          <p>
            Total active and closed cases
          </p>
        </div>
        <div
          className="sc-iBPRYJ iTga-dk data-box"
          id="recovered"
        >
          <p>
            Recovered
          </p>
          <h3
            id="recovered-num"
          >
            40,975,608
          </h3>
          <h4>
            + 
            <span
              id="today-recovered"
            >
              16,753
            </span>
          </h4>
          <p>
            Total recoveries from Covid
          </p>
        </div>
        <div
          className="sc-iBPRYJ iTga-dk data-box"
          id="deaths"
        >
          <p>
            Deaths
          </p>
          <h3
            id="deaths-num"
          >
            40,975,608
          </h3>
          <h4>
            + 
            <span
              id="today-deaths"
            >
              16,753
            </span>
          </h4>
          <p>
            Total death caused by Covid
          </p>
        </div>
      </div>
      <div
        className="sc-gKsewC iMfrMP"
      >
        <div
          className="makeStyles-root-1"
        >
          <header
            className="MuiPaper-root MuiAppBar-root WithStyles(ForwardRef(AppBar))-root-3 MuiAppBar-positionStatic MuiAppBar-colorPrimary MuiPaper-elevation4"
          >
            <div
              className="MuiTabs-root"
            >
              <div
                className="MuiTabs-scroller MuiTabs-fixed"
                onScroll={[Function]}
                style={
                  Object {
                    "marginBottom": null,
                    "overflow": "hidden",
                  }
                }
              >
                <div
                  aria-label="full width tabs example"
                  className="MuiTabs-flexContainer"
                  onKeyDown={[Function]}
                  role="tablist"
                >
                  <button
                    aria-controls="full-width-tabpanel-0"
                    aria-selected={true}
                    className="MuiButtonBase-root MuiTab-root WithStyles(ForwardRef(Tab))-root-4 MuiTab-textColorInherit infected-tab Mui-selected MuiTab-fullWidth MuiTab-wrapped"
                    disabled={false}
                    id="full-width-tab-0"
                    onBlur={[Function]}
                    onClick={[Function]}
                    onDragLeave={[Function]}
                    onFocus={[Function]}
                    onKeyDown={[Function]}
                    onKeyUp={[Function]}
                    onMouseDown={[Function]}
                    onMouseLeave={[Function]}
                    onMouseUp={[Function]}
                    onTouchEnd={[Function]}
                    onTouchMove={[Function]}
                    onTouchStart={[Function]}
                    role="tab"
                    tabIndex={0}
                    type="button"
                  >
                    <span
                      className="MuiTab-wrapper"
                    >
                      Infected
                    </span>
                    <span
                      className="PrivateTabIndicator-root-5 PrivateTabIndicator-colorSecondary-7 MuiTabs-indicator"
                      style={
                        Object {
                          "background": "none",
                        }
                      }
                    />
                  </button>
                  <button
                    aria-controls="full-width-tabpanel-1"
                    aria-selected={false}
                    className="MuiButtonBase-root MuiTab-root WithStyles(ForwardRef(Tab))-root-4 MuiTab-textColorInherit makeStyles-default-2 MuiTab-fullWidth MuiTab-wrapped"
                    disabled={false}
                    id="full-width-tab-1"
                    onBlur={[Function]}
                    onClick={[Function]}
                    onDragLeave={[Function]}
                    onFocus={[Function]}
                    onKeyDown={[Function]}
                    onKeyUp={[Function]}
                    onMouseDown={[Function]}
                    onMouseLeave={[Function]}
                    onMouseUp={[Function]}
                    onTouchEnd={[Function]}
                    onTouchMove={[Function]}
                    onTouchStart={[Function]}
                    role="tab"
                    tabIndex={-1}
                    type="button"
                  >
                    <span
                      className="MuiTab-wrapper"
                    >
                      Recovered
                    </span>
                  </button>
                  <button
                    aria-controls="full-width-tabpanel-2"
                    aria-selected={false}
                    className="MuiButtonBase-root MuiTab-root WithStyles(ForwardRef(Tab))-root-4 MuiTab-textColorInherit makeStyles-default-2 MuiTab-fullWidth MuiTab-wrapped"
                    disabled={false}
                    id="full-width-tab-2"
                    onBlur={[Function]}
                    onClick={[Function]}
                    onDragLeave={[Function]}
                    onFocus={[Function]}
                    onKeyDown={[Function]}
                    onKeyUp={[Function]}
                    onMouseDown={[Function]}
                    onMouseLeave={[Function]}
                    onMouseUp={[Function]}
                    onTouchEnd={[Function]}
                    onTouchMove={[Function]}
                    onTouchStart={[Function]}
                    role="tab"
                    tabIndex={-1}
                    type="button"
                  >
                    <span
                      className="MuiTab-wrapper"
                    >
                      Deaths
                    </span>
                  </button>
                </div>
              </div>
            </div>
          </header>
          <div
            aria-labelledby="full-width-tab-0"
            className="infected-panel"
            hidden={false}
            id="full-width-tabpanel-0"
            role="tabpanel"
          >
            <div
              className="MuiBox-root MuiBox-root-9"
              style={
                Object {
                  "padding": "1% 4%",
                }
              }
            >
              <div
                className="sc-iBPRYJ iTga-dk data-box"
                id="infected"
              >
                <p>
                  Infected
                </p>
                <h3
                  id="infected-num"
                >
                  40,975,608
                </h3>
                <h4>
                  + 
                  <span
                    id="today-infected"
                  >
                    16,753
                  </span>
                </h4>
                <p>
                  Total active and closed cases
                </p>
              </div>
            </div>
          </div>
          <div
            aria-labelledby="full-width-tab-1"
            className=""
            hidden={true}
            id="full-width-tabpanel-1"
            role="tabpanel"
          />
          <div
            aria-labelledby="full-width-tab-2"
            className=""
            hidden={true}
            id="full-width-tabpanel-2"
            role="tabpanel"
          />
        </div>
      </div>
    </div>
    <div
      className="sc-fubCfw fvrjY"
    >
      Graph
    </div>
  </div>
</div>
`;
