// Jest Snapshot v1, https://goo.gl/fbAQLP

exports[`Home renders correctly 1`] = `
<div
  className="sc-bdfBwQ fDlVuy"
>
  <div
    className="sc-gsTCUz bSzSYA"
  />
  <div
    className="sc-dlfnbm eHccMw"
  />
  <header
    className="MuiPaper-root MuiAppBar-root WithStyles(ForwardRef(AppBar))-root-3 MuiAppBar-positionStatic MuiAppBar-colorPrimary MuiPaper-elevation4"
  >
    <div
      className="MuiToolbar-root MuiToolbar-regular MuiToolbar-gutters"
    >
      <div
        className="sc-hKgILt hYwCGT"
      >
        <img
          alt="Logo"
          src="logo.svg"
        />
      </div>
      <div
        className="sc-eCssSg ezlAZN"
      >
        <a
          aria-current="page"
          className="home-link active"
          href="/"
          onClick={[Function]}
          style={
            Object {
              "color": "#d62828",
            }
          }
        >
          Home
        </a>
        <a
          aria-current={null}
          className="info-link"
          href="/info"
          onClick={[Function]}
        >
          <button
            className="sc-jSgupP bFUndu"
          >
            Information
          </button>
        </a>
      </div>
      <div
        className="sc-gKsewC hAhubS"
      >
        <button
          aria-label="menu"
          className="MuiButtonBase-root MuiIconButton-root WithStyles(ForwardRef(IconButton))-root-4 MuiIconButton-edgeEnd"
          disabled={false}
          onBlur={[Function]}
          onClick={[Function]}
          onDragLeave={[Function]}
          onFocus={[Function]}
          onKeyDown={[Function]}
          onKeyUp={[Function]}
          onMouseDown={[Function]}
          onMouseLeave={[Function]}
          onMouseUp={[Function]}
          onTouchEnd={[Function]}
          onTouchMove={[Function]}
          onTouchStart={[Function]}
          tabIndex={0}
          type="button"
        >
          <span
            className="MuiIconButton-label"
          >
            <svg
              aria-hidden={true}
              className="MuiSvgIcon-root"
              focusable="false"
              viewBox="0 0 24 24"
            >
              <path
                d="M3 18h18v-2H3v2zm0-5h18v-2H3v2zm0-7v2h18V6H3z"
              />
            </svg>
          </span>
        </button>
      </div>
    </div>
  </header>
  <div
    className="sc-pFZIQ hSHtud"
    id="covid-data"
  >
    <div
      className="sc-jrAGrp cNtYEa"
    >
      <h3
        id="country-name"
      >
        Congo, the Democratic Republic of the
      </h3>
      <p
        id="last-updated"
      >
        Last updated: 20th October 2020
      </p>
    </div>
    <div
      className="sc-kEjbxe eNeiRW"
    >
      <div
        className="sc-iqHYGH dVqasS"
      >
        <div
          className="sc-crrsfI hXOvds"
        >
          Search
        </div>
        <div
          className="sc-dQppl iuPSxI"
        >
          <div
            className="sc-kstrdz hwZhUL data-box"
            id="infected"
          >
            <p>
              Infected
            </p>
            <h3
              id="infected-num"
            >
              40,975,608
            </h3>
            <h4>
              + 
              <span
                id="today-infected"
              >
                16,753
              </span>
            </h4>
            <p>
              Total active and closed cases
            </p>
          </div>
          <div
            className="sc-kstrdz hwZhUL data-box"
            id="recovered"
          >
            <p>
              Recovered
            </p>
            <h3
              id="recovered-num"
            >
              40,975,608
            </h3>
            <h4>
              + 
              <span
                id="today-recovered"
              >
                16,753
              </span>
            </h4>
            <p>
              Total recoveries from Covid
            </p>
          </div>
          <div
            className="sc-kstrdz hwZhUL data-box"
            id="deaths"
          >
            <p>
              Deaths
            </p>
            <h3
              id="deaths-num"
            >
              40,975,608
            </h3>
            <h4>
              + 
              <span
                id="today-deaths"
              >
                16,753
              </span>
            </h4>
            <p>
              Total death caused by Covid
            </p>
          </div>
        </div>
        <div
          className="sc-bqyKva dtiVih"
        >
          Hello
        </div>
      </div>
      <div
        className="sc-hBEYos bczUgU"
      >
        Graph
      </div>
    </div>
  </div>
  <div
    className="sc-lmoMRL jkNBsw"
    id="footer"
  >
    <p>
      Design and Built by De Jong Yeong © 2020
    </p>
  </div>
</div>
`;
